// Jest Snapshot v1, https://goo.gl/fbAQLP

exports[`basic form should render as expected 1`] = `
.emotion-0 {
  margin-bottom: 24px;
}

.emotion-2 {
  margin: unset;
  font-family: Akzidenz,'Helvetica Neue',Helvetica,Arial,sans-serif;
  color: #21313C;
  font-size: 24px;
  line-height: 32px;
  letter-spacing: 0px;
  font-weight: medium;
}

.emotion-3 {
  margin-bottom: 48px;
  padding: 24px;
}

.emotion-5 {
  position: relative;
  border-radius: 7px;
  -webkit-transition: border 300ms ease-in-out,box-shadow 300ms ease-in-out;
  transition: border 300ms ease-in-out,box-shadow 300ms ease-in-out;
  border: 1px solid #E7EEEC;
  box-shadow: 0 4px 10px -4px rgba(6,22,33,0.3);
  background-color: white;
  color: #21313C;
}

.emotion-6 {
  margin-bottom: 20px;
}

.emotion-8 {
  font-family: Akzidenz,'Helvetica Neue',Helvetica,Arial,sans-serif;
  display: block;
  margin-bottom: 2px;
  font-weight: bold;
  color: #21313C;
  font-size: 14px;
  line-height: 16px;
}

@media only screen and (max-width: 1024px) {
  .emotion-8 {
    font-size: 16px;
    line-height: 19px;
  }
}

.emotion-9 {
  -webkit-appearance: none;
  -moz-appearance: none;
  -ms-appearance: none;
  appearance: none;
  padding: 0;
  margin: 0;
  background-color: transparent;
  border: 0px solid transparent;
  display: -webkit-inline-box;
  display: -webkit-inline-flex;
  display: -ms-inline-flexbox;
  display: inline-flex;
  -webkit-align-items: stretch;
  -webkit-box-align: stretch;
  -ms-flex-align: stretch;
  align-items: stretch;
  border-radius: 4px;
  -webkit-transition: all 150ms ease-in-out;
  transition: all 150ms ease-in-out;
  position: relative;
  -webkit-text-decoration: none;
  text-decoration: none;
  cursor: pointer;
  z-index: 0;
  background-color: #F9FBFA;
  border: 1px solid #89979B;
  box-shadow: 0px 1px 2px rgba(6, 22, 33, 0.3);
  color: #3D4F58;
  font-size: 14px;
  height: 36px;
  margin-top: 2px;
  height: 36px;
  font-size: 14px;
  width: 100%;
  color: #21313C;
  border-color: #B8C4C2;
}

.emotion-9:focus {
  outline: none;
}

.emotion-9:disabled {
  pointer-events: none;
}

.emotion-9:active,
.emotion-9:focus,
.emotion-9:hover {
  -webkit-text-decoration: none;
  text-decoration: none;
}

.emotion-9:focus {
  color: #3D4F58;
}

.emotion-9:hover,
.emotion-9:active {
  color: #3D4F58;
  background-color: #FFFFFF;
  border: 1px solid #5D6C74;
  box-shadow: 0px 4px 4px rgba(0, 0, 0, 0.3),0px 0px 0px 3px #E7EEEC;
}

.emotion-9:focus {
  background: #FFFFFF;
  border: 1px solid #5D6C74;
  box-shadow: 0px 4px 4px rgba(0, 124, 173, 0.4),0px 0px 0px 3px #019EE2;
}

.emotion-9>span {
  padding: 0;
}

@media only screen and (max-width: 1024px) {
  .emotion-9 {
    height: 36px;
    font-size: 16px;
  }
}

.emotion-10 {
  overflow: hidden;
  border-radius: 3px;
  position: absolute;
  top: 0;
  left: 0;
  right: 0;
  bottom: 0;
}

.emotion-11 {
  display: -webkit-box;
  display: -webkit-flex;
  display: -ms-flexbox;
  display: flex;
  -webkit-align-items: center;
  -webkit-box-align: center;
  -ms-flex-align: center;
  align-items: center;
  height: 100%;
  width: 100%;
  pointer-events: none;
  position: relative;
  z-index: 0;
  font-family: Akzidenz,'Helvetica Neue',Helvetica,Arial,sans-serif;
  -webkit-box-pack: justify;
  -webkit-justify-content: space-between;
  justify-content: space-between;
  padding-left: 12px;
  padding-right: 12px;
}

.emotion-12 {
  overflow: hidden;
  white-space: nowrap;
  text-overflow: ellipsis;
  max-width: 100%;
}

.emotion-13 {
  display: -webkit-box;
  display: -webkit-flex;
  display: -ms-flexbox;
  display: flex;
  -webkit-align-items: center;
  -webkit-box-align: center;
  -ms-flex-align: center;
  align-items: center;
  -webkit-box-pack: center;
  -ms-flex-pack: center;
  -webkit-justify-content: center;
  justify-content: center;
  margin-left: auto;
}

.emotion-14 {
  -webkit-flex-shrink: 0;
  -ms-flex-negative: 0;
  flex-shrink: 0;
  color: #5D6C74;
  height: 16px;
  width: 16px;
  margin-left: 6px;
}

.emotion-17 {
  max-width: 400px;
}

.emotion-19 {
  display: -webkit-box;
  display: -webkit-flex;
  display: -ms-flexbox;
  display: flex;
  -webkit-flex-direction: column;
  -ms-flex-direction: column;
  flex-direction: column;
}

.emotion-20 {
  font-size: 14px;
  font-weight: bold;
  line-height: 16px;
  padding-bottom: 4px;
  color: #3D4F58;
}

.emotion-21 {
  position: relative;
  display: -webkit-box;
  display: -webkit-flex;
  display: -ms-flexbox;
  display: flex;
  -webkit-align-items: center;
  -webkit-box-align: center;
  -ms-flex-align: center;
  align-items: center;
  z-index: 0;
}

.emotion-22 {
  display: -webkit-inline-box;
  display: -webkit-inline-flex;
  display: -ms-inline-flexbox;
  display: inline-flex;
  -webkit-align-items: stretch;
  -webkit-box-align: stretch;
  -ms-flex-align: stretch;
  align-items: stretch;
  position: relative;
  z-index: 0;
  width: 100%;
}

.emotion-22:hover>[data-leafygreen-ui="interaction-ring"] {
  box-shadow: 0 0 0 3px #E7EEEC;
}

.emotion-23 {
  width: 100%;
  height: 100%;
  font-family: inherit;
  font-size: 100%;
  width: 100%;
  height: 36px;
  border-radius: 4px;
  padding-left: 12px;
  font-size: 14px;
  font-weight: normal;
  font-family: Akzidenz,‘Helvetica Neue’,Helvetica,Arial,sans-serif;
  border: 1px solid;
  -webkit-transition: border-color 150ms ease-in-out;
  transition: border-color 150ms ease-in-out;
  z-index: 1;
  outline: none;
  color: #21313C;
  background-color: #FFFFFF;
  padding-right: 12px;
  border-color: #89979B;
}

.emotion-23::-webkit-input-placeholder {
  color: #89979B;
}

.emotion-23::-moz-placeholder {
  color: #89979B;
}

.emotion-23:-ms-input-placeholder {
  color: #89979B;
}

.emotion-23::placeholder {
  color: #89979B;
}

.emotion-23:disabled {
  cursor: not-allowed;
}

.emotion-23:focus {
  border: 1px solid #FFFFFF;
}

.emotion-23:disabled {
  color: #89979B;
  background-color: #E7EEEC;
}

.emotion-23:disabled:-webkit-autofill,
.emotion-23:disabled:-webkit-autofill:hover,
.emotion-23:disabled:-webkit-autofill:focus {
  -webkit-appearance: none;
  -moz-appearance: none;
  -ms-appearance: none;
  appearance: none;
  border: 1px solid #89979B;
  -webkit-text-fill-color: #89979B;
  -webkit-box-shadow: 0 0 0px 1000px #E7EEEC inset;
}

.emotion-24 {
  -webkit-transition: all 150ms ease-in-out;
  transition: all 150ms ease-in-out;
  position: absolute;
  z-index: -1;
  top: 0;
  bottom: 0;
  left: 0;
  right: 0;
  pointer-events: none;
  border-radius: 4px;
}

.emotion-25 {
  position: absolute;
  display: -webkit-box;
  display: -webkit-flex;
  display: -ms-flexbox;
  display: flex;
  -webkit-align-items: center;
  -webkit-box-align: center;
  -ms-flex-align: center;
  align-items: center;
  right: 12px;
  z-index: 1;
}

<div>
  <h3
    class="emotion-0 emotion-1 emotion-2"
  >
    Just a test
  </h3>
  <div
    class="emotion-3 emotion-4 emotion-5"
  >
    <form
      class="rjsf"
    >
      <div
        class="form-group field field-object"
      >
        <fieldset
          id="root"
        >
          <div
            class="form-group field field-string"
          >
            <div
              class="emotion-6 emotion-7"
            >
              <div
                class=""
              >
                <label
                  class="emotion-8"
                  id="select-1-label"
                >
                  Project Cloning Method
                </label>
                <button
                  aria-controls="select-1-menu"
                  aria-describedby="select-1-description"
                  aria-disabled="false"
                  aria-expanded="false"
                  aria-labelledby="select-1-label"
                  class="emotion-9"
                  data-testid="leafygreen-ui-select-menubutton"
                  type="button"
                  value="legacy-ssh"
                >
                  <div
                    class="emotion-10"
                  />
                  <div
                    class="emotion-11"
                  >
                    <div
                      class="emotion-12"
                    >
                      Legacy SSH
                    </div>
                    <span
                      class="emotion-13"
                    >
                      <svg
                        alt=""
                        aria-hidden="true"
                        class="emotion-14"
                        height="16"
                        role="presentation"
                        viewBox="0 0 16 16"
                        width="16"
                      >
                        <path
                          d="M8.67903 10.7962C8.45271 11.0679 8.04729 11.0679 7.82097 10.7962L4.63962 6.97649C4.3213 6.59428 4.5824 6 5.06866 6L11.4313 6C11.9176 6 12.1787 6.59428 11.8604 6.97649L8.67903 10.7962Z"
                          fill="currentColor"
                        />
                      </svg>
                    </span>
                  </div>
                </button>
              </div>
            </div>
          </div>
          <div
            class="form-group field field-string"
          >
            <div
              class="emotion-6 emotion-7"
            >
              <div
                class="emotion-17 emotion-18"
              >
                <div
                  class="emotion-19"
                >
                  <label
                    class="emotion-20"
                    for="textinput-1"
                  >
                    Valid Projects
                  </label>
                  <div
                    class="emotion-21"
                  >
                    <div
                      class="emotion-22"
                    >
                      <input
                        aria-label="Valid Projects"
                        autocomplete="on"
                        class="emotion-23"
                        id="textinput-1"
                        placeholder=""
                        required=""
                        type="text"
                        value="spruce"
                      />
                      <div
                        class="emotion-24"
                        data-leafygreen-ui="interaction-ring"
                      />
                    </div>
                    <div
                      class="emotion-25"
                      data-leafygreen-ui="icon-selector"
                    />
                  </div>
                </div>
              </div>
            </div>
          </div>
        </fieldset>
      </div>
    </form>
  </div>
</div>
`;
